
> fashion-website@0.1.0 build
> next build

  ▲ Next.js 15.0.0

   Creating an optimized production build ...
 ✓ Compiled successfully
   Linting and checking validity of types ...

Failed to compile.

./src/app/product/[id]/page.tsx
44:76  Error: 'i' is defined but never used.  @typescript-eslint/no-unused-vars
47:19  Warning: Using `<img>` could result in slower LCP and higher bandwidth. Consider using `<Image />` from `next/image` to automatically optimize images. This may incur additional usage or cost from your provider. See: https://nextjs.org/docs/messages/no-img-element  @next/next/no-img-element

./src/components/product/ProductCard.tsx
4:18  Error: 'AnimatePresence' is defined but never used.  @typescript-eslint/no-unused-vars
11:10  Error: 'Button' is defined but never used.  @typescript-eslint/no-unused-vars

./src/components/product/ShopContent.tsx
7:10  Error: 'ChevronDown' is defined but never used.  @typescript-eslint/no-unused-vars
188:24  Error: Unexpected any. Specify a different type.  @typescript-eslint/no-explicit-any

info  - Need to disable some ESLint rules? Learn more here: https://nextjs.org/docs/basic-features/eslint#disabling-rules
